// Jest Snapshot v1, https://goo.gl/fbAQLP

exports[`should render expenselist Item 1`] = `
<Link
  className="list-item"
  replace={false}
  to="/edit/2"
>
  <div>
    <h3
      className="list-item__title"
    >
      rent
    </h3>
    <span
      className="list-item__sub-title"
    >
       
      December 28th, 1969
       
    </span>
  </div>
  <h3
    className="list-item__data"
  >
    $123.45
  </h3>
</Link>
`;
